<!DOCTYPE html>
<html lang="en-us">
  <head>
    <script src="https://www.googletagmanager.com/gtm.js?id=GTM-MX6DBN9" async="async"></script>
    <script src="/static/hash-%%etag%%/js/gtm.js"></script>
    <meta charset="utf-8"/>
    <meta http-equiv="x-ua-compatible" content="ie=edge"/>
    <meta name="viewport" content="width=device-width, initial-scale=1"/>
    <meta name="robots" content="noindex"/>
    <meta name="twitter:card" content="summary"/>
    <meta name="twitter:site" content="@dart_lang"/>
    <meta name="twitter:description" content="Pub is the package manager for the Dart programming language, containing reusable libraries &amp; packages for Flutter, AngularDart, and general Dart programs."/>
    <meta name="twitter:image" content="https://pub.dev/static/hash-%%etag%%/img/pub-dev-icon-cover-image.png"/>
    <meta property="og:type" content="website"/>
    <meta property="og:site_name" content="Dart packages"/>
    <meta property="og:title" content="Publisher: example.com"/>
    <meta property="og:description" content="Pub is the package manager for the Dart programming language, containing reusable libraries &amp; packages for Flutter, AngularDart, and general Dart programs."/>
    <meta property="og:image" content="https://pub.dev/static/hash-%%etag%%/img/pub-dev-icon-cover-image.png"/>
    <title>Publisher: example.com</title>
    <link rel="stylesheet" href="https://fonts.googleapis.com/css?family=Google+Sans:300,400,500|Google+Sans+Display:400|Roboto:300,400,500,700|Roboto+Mono:300,400,700&amp;display=swap"/>
    <meta content="/static/hash-%%etag%%/img/pub-dev-icon-cover-image.png"/>
    <link rel="shortcut icon" href="/favicon.ico?hash=mocked_hash_985685822"/>
    <link rel="search" type="application/opensearchdescription+xml" title="Dart packages" href="/osd.xml"/>
    <link rel="canonical" href="https://pub.dev/publishers/example.com/activity-log"/>
    <meta name="description" content="Pub is the package manager for the Dart programming language, containing reusable libraries &amp; packages for Flutter, AngularDart, and general Dart programs."/>
    <link rel="alternate" type="application/atom+xml" title="Updated Packages Feed for Pub" href="/feed.atom"/>
    <link rel="stylesheet" type="text/css" href="/static/hash-%%etag%%/material/material-components-web.min.css"/>
    <link rel="stylesheet" type="text/css" href="/static/hash-%%etag%%/css/style.css"/>
    <script src="/static/hash-%%etag%%/material/material-components-web.min.js" defer="defer"></script>
    <script src="/static/hash-%%etag%%/js/script.dart.js" defer="defer"></script>
    <meta name="google-signin-client_id" content=""/>
    <script src="https://apis.google.com/js/platform.js?onload=pubAuthInit" defer="defer"></script>
    <meta name="pub-page-data" content="eyJwdWJsaXNoZXIiOnsicHVibGlzaGVySWQiOiJleGFtcGxlLmNvbSJ9fQ=="/>
  </head>
  <body>
    <noscript>
      <iframe src="https://www.googletagmanager.com/ns.html?id=GTM-MX6DBN9" height="0" width="0" style="display:none;visibility:hidden"></iframe>
    </noscript>
    <div class="site-header">
      <button class="hamburger" aria-label="menu toggle"></button>
      <a class="logo" href="/">
        <img class="site-logo" src="/static/hash-%%etag%%/img/pub-dev-logo-2x.png" alt="pub logo" width="135" height="30"/>
      </a>
      <div class="site-header-space"></div>
      <div class="site-header-mask"></div>
      <div class="site-header-search">
        <form action="/packages" method="GET">
          <input class="site-header-search-input" name="q" placeholder="New search..." autocomplete="on"/>
        </form>
      </div>
      <div class="site-header-nav scroll-container">
        <div class="nav-login-container">
          <button id="-account-login" class="nav-main-button link">Sign in</button>
        </div>
        <div class="nav-container nav-help-container hoverable">
          <button class="nav-main-button">Help</button>
          <div class="nav-hover-popup">
            <div class="nav-table-columns">
              <div class="nav-table-column">
                <h3>Pub.dev</h3>
                <a class="nav-link" href="/help/search" rel="noopener" target="_blank">Searching for packages</a>
                <a class="nav-link" href="/help/scoring" rel="noopener" target="_blank">Package scoring and pub points</a>
              </div>
              <div class="nav-table-column">
                <h3>Flutter</h3>
                <a class="nav-link" href="https://flutter.io/using-packages/" rel="noopener" target="_blank">Using packages</a>
                <a class="nav-link" href="https://flutter.io/developing-packages/" rel="noopener" target="_blank">Developing packages and plugins</a>
                <a class="nav-link" href="https://dart.dev/tools/pub/publishing" rel="noopener" target="_blank">Publishing a package</a>
              </div>
              <div class="nav-table-column">
                <h3>Dart</h3>
                <a class="nav-link" href="https://dart.dev/tools/pub/get-started" rel="noopener" target="_blank">Using packages</a>
                <a class="nav-link" href="https://dart.dev/tools/pub/publishing" rel="noopener" target="_blank">Publishing a package</a>
              </div>
            </div>
          </div>
        </div>
        <div class="nav-container nav-help-container-mobile foldable">
          <h3 class="foldable-button">
            Pub.dev
            <img class="foldable-icon" src="/static/hash-%%etag%%/img/nav-mobile-foldable-icon.svg" alt="icon to toggle folding of the section" width="13" height="6"/>
          </h3>
          <div class="foldable-content">
            <a class="nav-link" href="/help/search" rel="noopener" target="_blank">Searching for packages</a>
            <a class="nav-link" href="/help/scoring" rel="noopener" target="_blank">Package scoring and pub points</a>
          </div>
        </div>
        <div class="nav-container nav-help-container-mobile foldable">
          <h3 class="foldable-button">
            Flutter
            <img class="foldable-icon" src="/static/hash-%%etag%%/img/nav-mobile-foldable-icon.svg" alt="icon to toggle folding of the section" width="13" height="6"/>
          </h3>
          <div class="foldable-content">
            <a class="nav-link" href="https://flutter.io/using-packages/" rel="noopener" target="_blank">Using packages</a>
            <a class="nav-link" href="https://flutter.io/developing-packages/" rel="noopener" target="_blank">Developing packages and plugins</a>
            <a class="nav-link" href="https://dart.dev/tools/pub/publishing" rel="noopener" target="_blank">Publishing a package</a>
          </div>
        </div>
        <div class="nav-container nav-help-container-mobile foldable">
          <h3 class="foldable-button">
            Dart
            <img class="foldable-icon" src="/static/hash-%%etag%%/img/nav-mobile-foldable-icon.svg" alt="icon to toggle folding of the section" width="13" height="6"/>
          </h3>
          <div class="foldable-content">
            <a class="nav-link" href="https://dart.dev/tools/pub/get-started" rel="noopener" target="_blank">Using packages</a>
            <a class="nav-link" href="https://dart.dev/tools/pub/publishing" rel="noopener" target="_blank">Publishing a package</a>
          </div>
        </div>
      </div>
    </div>
    <div id="banner-container"></div>
    <main class="-wide-header-detail-page">
      <div class="detail-wrapper -active">
        <div class="detail-header">
          <div class="detail-container">
            <div class="detail-header-outer-block">
              <div class="detail-header-content-block">
                <h1 class="title">example.com</h1>
                <div class="metadata">
                  <p>
                    <span class="detail-header-metadata-ref">
                      <img class="detail-header-metadata-ref-icon" src="/static/hash-%%etag%%/img/link-icon.svg" alt="icon indicating a website link" width="14" height="14"/>
                      <a class="detail-header-metadata-ref-label" href="https://example.com/" rel="ugc">example.com/</a>
                    </span>
                    <span class="detail-header-metadata-ref">
                      <img class="detail-header-metadata-ref-icon" src="/static/hash-%%etag%%/img/email-icon.svg" alt="icon indicating an email" width="14" height="14"/>
                      <a class="detail-header-metadata-ref-label" href="mailto:admin@pub.dev">admin@pub.dev</a>
                    </span>
                  </p>
                  <p>
                    Publisher registered
                    <span class="-x-ago" title="on %%publisher-created-date%%">%%x-ago%%</span>
                  </p>
                </div>
              </div>
            </div>
          </div>
        </div>
        <div class="detail-body">
          <div class="detail-tabs">
            <div class="detail-tabs-wide-header">
              <div class="detail-container">
                <ul class="detail-tabs-header">
                  <li class="detail-tab tab-link detail-tab-packages-title" role="button">
                    <a href="/publishers/example.com/packages">Packages</a>
                  </li>
                  <li class="detail-tab tab-link detail-tab-admin-title -private" role="button">
                    <a href="/publishers/example.com/admin">Admin</a>
                  </li>
                  <li class="detail-tab tab-button detail-tab-activity-log-title -active -private" role="button">Activity log</li>
                </ul>
              </div>
            </div>
            <div class="detail-container detail-body-main">
              <div class="detail-tabs-content">
                <section class="tab-content detail-tab-activity-log-content -active">
                  <p>
                    List of activities relevant to publisher
                    <code>example.com</code>
                    . Events other than package publication expire after 2 months.
                  </p>
                  <table class="activity-log-table">
                    <thead>
                      <tr>
                        <th class="acdate"></th>
                        <th class="summary">Summary</th>
                      </tr>
                    </thead>
                    <tbody>
                      <tr>
                        <td class="date">
                          <span class="-x-ago" title="%%publisher-created-date%%">%%x-ago%%</span>
                        </td>
                        <td class="summary">
                          <div class="markdown-body">
                            <p>
                              Package
                              <code>neon</code>
                              was transferred to publisher
                              <code>example.com</code>
                              by
                              <code>admin@pub.dev</code>
                              .
                            </p>
                          </div>
                        </td>
                      </tr>
                      <tr>
                        <td class="date">
                          <span class="-x-ago" title="%%publisher-created-date%%">%%x-ago%%</span>
                        </td>
                        <td class="summary">
                          <div class="markdown-body">
                            <p>
                              <code>admin@pub.dev</code>
                              created publisher
                              <code>example.com</code>
                              .
                            </p>
                          </div>
                        </td>
                      </tr>
                    </tbody>
                  </table>
                </section>
              </div>
            </div>
          </div>
        </div>
      </div>
    </main>
    <footer class="site-footer">
      <a class="link" href="https://dart.dev/">Dart language</a>
      <a class="link sep" href="/policy">Policy</a>
      <a class="link sep" href="https://www.google.com/intl/en/policies/terms/">Terms</a>
      <a class="link sep" href="https://developers.google.com/terms/">API Terms</a>
      <a class="link sep" href="/security">Security</a>
      <a class="link sep" href="https://www.google.com/intl/en/policies/privacy/">Privacy</a>
      <a class="link sep" href="/help">Help</a>
      <a class="link icon sep" href="/feed.atom">
        <img class="inline-icon" src="/static/hash-%%etag%%/img/rss-feed-icon.svg" alt="RSS icon" width="20" height="20" title="RSS/atom feed"/>
      </a>
      <a class="link icon github_issue" href="https://github.com/dart-lang/pub-dev/issues/new">
        <img class="inline-icon" src="/static/hash-%%etag%%/img/bug-report-white-96px.png" alt="bug report icon" width="20" height="20" title="Report an issue with this site"/>
      </a>
    </footer>
  </body>
</html>
